// Jest Snapshot v1, https://goo.gl/fbAQLP

exports[`AlbumsList component renders AlbumsList component correctly 1`] = `ShallowWrapper {}`;
