// Jest Snapshot v1, https://goo.gl/fbAQLP

exports[`ArtistsList component renders ArtistsList component correctly 1`] = `ShallowWrapper {}`;
