// Jest Snapshot v1, https://goo.gl/fbAQLP

exports[`DisplayResults component renders DisplayResults component correctly 1`] = `ShallowWrapper {}`;
