// Jest Snapshot v1, https://goo.gl/fbAQLP

exports[`TracksList component renders TracksList component correctly 1`] = `ShallowWrapper {}`;
